Loaded 64000000 keys
              total        used        free      shared  buff/cache   available
Mem:           375G        3.2G        348G        3.0M         23G        368G
Swap:          4.0G          0B        4.0G
              total        used        free      shared  buff/cache   available
Mem:           375G        6.8G        344G        3.0M         23G        365G
Swap:          4.0G          0B        4.0G
              total        used        free      shared  buff/cache   available
Mem:           375G        6.8G        344G        3.0M         23G        365G
Swap:          4.0G          0B        4.0G
clht, workloadc, randint, uniform, threads 1
Throughput: load, 2.376395 ,ops/us
Elapsed time: load, 26.931548 ,sec
print_event: Write L3 Cache Misses = 36038839
print_event: Read L3 Cache Misses = 122223789
print_event: Write TLB Misses = 6237353
print_event: Read TLB Misses = 101634802
Throughput: run, 19.935211 ,ops/us
Elapsed time: run, 3.210400 ,sec
print_event: Write L3 Cache Misses = 9
print_event: Read L3 Cache Misses = 68739306
print_event: Write TLB Misses = 1351
print_event: Read TLB Misses = 69403733


