Loaded 64000000 keys
              total        used        free      shared  buff/cache   available
Mem:           375G        3.2G        348G        3.0M         23G        368G
Swap:          4.0G          0B        4.0G
              total        used        free      shared  buff/cache   available
Mem:           375G        6.8G        344G        3.0M         23G        365G
Swap:          4.0G          0B        4.0G
              total        used        free      shared  buff/cache   available
Mem:           375G        7.3G        344G        3.0M         23G        364G
Swap:          4.0G          0B        4.0G
clht, workloada, randint, uniform, threads 1
Throughput: load, 2.337785 ,ops/us
Elapsed time: load, 27.376336 ,sec
print_event: Write L3 Cache Misses = 36051598
print_event: Read L3 Cache Misses = 119431256
print_event: Write TLB Misses = 6255048
print_event: Read TLB Misses = 101584036
Throughput: run, 4.539455 ,ops/us
Elapsed time: run, 14.098609 ,sec
print_event: Write L3 Cache Misses = 12353876
print_event: Read L3 Cache Misses = 73964741
print_event: Write TLB Misses = 901631
print_event: Read TLB Misses = 74751671


