Loaded 64000000 keys
              total        used        free      shared  buff/cache   available
Mem:           375G        3.2G        348G        3.0M         23G        368G
Swap:          4.0G          0B        4.0G
              total        used        free      shared  buff/cache   available
Mem:           375G        6.8G        344G        3.0M         23G        365G
Swap:          4.0G          0B        4.0G
              total        used        free      shared  buff/cache   available
Mem:           375G        6.8G        344G        3.0M         23G        365G
Swap:          4.0G          0B        4.0G
clht, workloadb, randint, uniform, threads 1
Throughput: load, 2.323373 ,ops/us
Elapsed time: load, 27.546156 ,sec
print_event: Write L3 Cache Misses = 35874727
print_event: Read L3 Cache Misses = 119547599
print_event: Write TLB Misses = 6241142
print_event: Read TLB Misses = 101574762
Throughput: run, 14.213773 ,ops/us
Elapsed time: run, 4.502675 ,sec
print_event: Write L3 Cache Misses = 1445934
print_event: Read L3 Cache Misses = 68847134
print_event: Write TLB Misses = 238196
print_event: Read TLB Misses = 70028328


